Hinst Name           Module Name              Inst Count           Total Area               Buffer             Inverter        Combinational                 Flop                Latch           Clock Gate                Macro             Physical
--------------------------------------------------------------------------------------------------------------------------------------------------------------------------------------------------------------------------------------------------------------
multn_NBITS32                                       1245             4815.360               65.520              204.480             2326.320             2219.040                0.000                0.000                0.000                0.000
 add_54              multn_NBITS32_DW01_add_1        430              851.040                0.000               65.880              785.160                0.000                0.000                0.000                0.000                0.000
 sub_66              multn_NBITS32_DW01_sub_3        179              452.880                0.000               52.920              399.960                0.000                0.000                0.000                0.000                0.000
 sub_abs_43          multn_NBITS32_DW01_sub_4         63              211.320                0.000               33.480              177.840                0.000                0.000                0.000                0.000                0.000
 sub_abs_44          multn_NBITS32_DW01_sub_5         62              209.880                0.000               33.480              176.400                0.000                0.000                0.000                0.000                0.000
